List the directory entries sorted in descending order:
zfile
qfile
dfile
cfile
